<?xml version="1.0" encoding="UTF-8"?>
<testng-results ignored="11" total="22" passed="11" failed="0" skipped="0">
  <reporter-output>
  </reporter-output>
  <suite started-at="2025-10-22T05:22:55 IST" name="E-commerce application test suite" finished-at="2025-10-22T05:28:27 IST" duration-ms="331486">
    <groups>
      <group name="regression">
        <method signature="QKART_Tests.TestCase04()[pri:4, instance:QKART_TESTNG.QKART_Tests@381433ce]" name="TestCase04" class="QKART_TESTNG.QKART_Tests"/>
        <method signature="QKART_Tests.TestCase06(java.lang.String,java.lang.String)[pri:6, instance:QKART_TESTNG.QKART_Tests@381433ce]" name="TestCase06" class="QKART_TESTNG.QKART_Tests"/>
        <method signature="QKART_Tests.TestCase08()[pri:8, instance:QKART_TESTNG.QKART_Tests@381433ce]" name="TestCase08" class="QKART_TESTNG.QKART_Tests"/>
        <method signature="QKART_Tests.TestCase09()[pri:9, instance:QKART_TESTNG.QKART_Tests@381433ce]" name="TestCase09" class="QKART_TESTNG.QKART_Tests"/>
        <method signature="QKART_Tests.TestCase10()[pri:10, instance:QKART_TESTNG.QKART_Tests@381433ce]" name="TestCase10" class="QKART_TESTNG.QKART_Tests"/>
      </group> <!-- regression -->
      <group name="sanity">
        <method signature="QKART_Tests.TestCase01(java.lang.String,java.lang.String)[pri:1, instance:QKART_TESTNG.QKART_Tests@181951a4]" name="TestCase01" class="QKART_TESTNG.QKART_Tests"/>
        <method signature="QKART_Tests.TestCase02()[pri:2, instance:QKART_TESTNG.QKART_Tests@181951a4]" name="TestCase02" class="QKART_TESTNG.QKART_Tests"/>
        <method signature="QKART_Tests.TestCase03()[pri:3, instance:QKART_TESTNG.QKART_Tests@181951a4]" name="TestCase03" class="QKART_TESTNG.QKART_Tests"/>
        <method signature="QKART_Tests.TestCase05(java.lang.String,java.lang.String,java.lang.String)[pri:5, instance:QKART_TESTNG.QKART_Tests@181951a4]" name="TestCase05" class="QKART_TESTNG.QKART_Tests"/>
        <method signature="QKART_Tests.TestCase07(java.lang.String,int)[pri:7, instance:QKART_TESTNG.QKART_Tests@181951a4]" name="TestCase07" class="QKART_TESTNG.QKART_Tests"/>
        <method signature="QKART_Tests.TestCase11()[pri:11, instance:QKART_TESTNG.QKART_Tests@181951a4]" name="TestCase11" class="QKART_TESTNG.QKART_Tests"/>
      </group> <!-- sanity -->
    </groups>
    <test started-at="2025-10-22T05:22:55 IST" name="E-commerce application sanity test" finished-at="2025-10-22T05:27:19 IST" duration-ms="263261">
      <class name="QKART_TESTNG.QKART_Tests">
        <test-method signature="TestCase01(java.lang.String,java.lang.String)[pri:1, instance:QKART_TESTNG.QKART_Tests@181951a4]" started-at="2025-10-22T05:22:56 IST" name="TestCase01" description="Verify registration happens correctly" finished-at="2025-10-22T05:23:03 IST" duration-ms="7922" status="PASS">
          <params>
            <param index="0">
              <value>
                <![CDATA[testUser]]>
              </value>
            </param>
            <param index="1">
              <value>
                <![CDATA[abc@123]]>
              </value>
            </param>
          </params>
          <reporter-output>
          </reporter-output>
        </test-method> <!-- TestCase01 -->
        <test-method signature="TestCase02()[pri:2, instance:QKART_TESTNG.QKART_Tests@181951a4]" started-at="2025-10-22T05:23:04 IST" name="TestCase02" description="Verify re-registering an already registered user fails" finished-at="2025-10-22T05:23:39 IST" duration-ms="34454" status="PASS">
          <reporter-output>
          </reporter-output>
        </test-method> <!-- TestCase02 -->
        <test-method signature="TestCase03()[pri:3, instance:QKART_TESTNG.QKART_Tests@181951a4]" started-at="2025-10-22T05:23:39 IST" name="TestCase03" description="Verify the functionality of search text box" finished-at="2025-10-22T05:24:15 IST" duration-ms="35289" status="PASS">
          <reporter-output>
          </reporter-output>
        </test-method> <!-- TestCase03 -->
        <test-method signature="TestCase05(java.lang.String,java.lang.String,java.lang.String)[pri:5, instance:QKART_TESTNG.QKART_Tests@181951a4]" started-at="2025-10-22T05:24:15 IST" name="TestCase05" description="Verify that a new user can add multiple products in to the cart and Checkout" finished-at="2025-10-22T05:24:36 IST" duration-ms="20645" status="PASS">
          <params>
            <param index="0">
              <value>
                <![CDATA[YONEX Smash Badminton Racquet]]>
              </value>
            </param>
            <param index="1">
              <value>
                <![CDATA[Tan Leatherette Weekender Duffle]]>
              </value>
            </param>
            <param index="2">
              <value>
                <![CDATA[Addr line 1 addr Line 2 addr line 3]]>
              </value>
            </param>
          </params>
          <reporter-output>
          </reporter-output>
        </test-method> <!-- TestCase05 -->
        <test-method signature="TestCase07(java.lang.String,int)[pri:7, instance:QKART_TESTNG.QKART_Tests@181951a4]" started-at="2025-10-22T05:24:36 IST" name="TestCase07" description="Verify that insufficient balance error is thrown when the wallet balance is not enough" finished-at="2025-10-22T05:26:57 IST" duration-ms="140908" status="PASS">
          <params>
            <param index="0">
              <value>
                <![CDATA[Stylecon 9 Seater RHS Sofa Set ]]>
              </value>
            </param>
            <param index="1">
              <value>
                <![CDATA[60]]>
              </value>
            </param>
          </params>
          <reporter-output>
          </reporter-output>
        </test-method> <!-- TestCase07 -->
        <test-method signature="TestCase11()[pri:11, instance:QKART_TESTNG.QKART_Tests@181951a4]" started-at="2025-10-22T05:26:58 IST" name="TestCase11" description="Ensure that the Advertisement Links on the QKART page are clickable" finished-at="2025-10-22T05:27:19 IST" duration-ms="21043" status="PASS">
          <reporter-output>
          </reporter-output>
        </test-method> <!-- TestCase11 -->
      </class> <!-- QKART_TESTNG.QKART_Tests -->
    </test> <!-- E-commerce application sanity test -->
    <test started-at="2025-10-22T05:27:19 IST" name="E-commerce application regression test" finished-at="2025-10-22T05:28:27 IST" duration-ms="68100">
      <class name="QKART_TESTNG.QKART_Tests">
        <test-method is-config="true" signature="createDriver()[pri:0, instance:QKART_TESTNG.QKART_Tests@381433ce]" started-at="2025-10-22T05:22:53 IST" name="createDriver" finished-at="2025-10-22T05:22:55 IST" duration-ms="2949" status="PASS">
          <reporter-output>
          </reporter-output>
        </test-method> <!-- createDriver -->
        <test-method signature="TestCase04()[pri:4, instance:QKART_TESTNG.QKART_Tests@381433ce]" started-at="2025-10-22T05:27:19 IST" name="TestCase04" description="Verify the existence of size chart for certain items and validate contents of size chart" finished-at="2025-10-22T05:27:37 IST" duration-ms="18489" status="PASS">
          <reporter-output>
          </reporter-output>
        </test-method> <!-- TestCase04 -->
        <test-method signature="TestCase06(java.lang.String,java.lang.String)[pri:6, instance:QKART_TESTNG.QKART_Tests@381433ce]" started-at="2025-10-22T05:27:38 IST" name="TestCase06" description="Verify that the contents of the cart can be edited" finished-at="2025-10-22T05:28:02 IST" duration-ms="24220" status="PASS">
          <params>
            <param index="0">
              <value>
                <![CDATA[Xtend Smart Watch]]>
              </value>
            </param>
            <param index="1">
              <value>
                <![CDATA[Yarine Floor Lamp]]>
              </value>
            </param>
          </params>
          <reporter-output>
          </reporter-output>
        </test-method> <!-- TestCase06 -->
        <test-method signature="TestCase08()[pri:8, instance:QKART_TESTNG.QKART_Tests@381433ce]" started-at="2025-10-22T05:28:03 IST" name="TestCase08" description="Verify that a product added to a cart is available when a new tab is added" finished-at="2025-10-22T05:28:16 IST" duration-ms="13486" status="PASS">
          <reporter-output>
          </reporter-output>
        </test-method> <!-- TestCase08 -->
        <test-method signature="TestCase09()[pri:9, instance:QKART_TESTNG.QKART_Tests@381433ce]" started-at="2025-10-22T05:28:17 IST" name="TestCase09" description="Verify that privacy policy and about us links are working fine" finished-at="2025-10-22T05:28:24 IST" duration-ms="7754" status="PASS">
          <reporter-output>
          </reporter-output>
        </test-method> <!-- TestCase09 -->
        <test-method signature="TestCase10()[pri:10, instance:QKART_TESTNG.QKART_Tests@381433ce]" started-at="2025-10-22T05:28:24 IST" name="TestCase10" description="Verify that the contact us dialog works fine" finished-at="2025-10-22T05:28:27 IST" duration-ms="2265" status="PASS">
          <reporter-output>
          </reporter-output>
        </test-method> <!-- TestCase10 -->
        <test-method is-config="true" signature="quitDriver()[pri:0, instance:QKART_TESTNG.QKART_Tests@381433ce]" started-at="2025-10-22T05:28:27 IST" name="quitDriver" finished-at="2025-10-22T05:28:27 IST" duration-ms="58" status="PASS">
          <reporter-output>
          </reporter-output>
        </test-method> <!-- quitDriver -->
      </class> <!-- QKART_TESTNG.QKART_Tests -->
    </test> <!-- E-commerce application regression test -->
  </suite> <!-- E-commerce application test suite -->
</testng-results>
